C51 COMPILER V9.54   MAIN                                                                  03/18/2023 20:35:47 PAGE 1   


C51 COMPILER V9.54, COMPILATION OF MODULE MAIN
OBJECT MODULE PLACED IN .\Objects\main.obj
COMPILER INVOKED BY: F:\YuWen\HardwareTools\Keil_v5\C51\BIN\C51.EXE main.c OPTIMIZE(8,SPEED) BROWSE DEBUG OBJECTEXTEND P
                    -RINT(.\Listings\main.lst) TABS(2) OBJECT(.\Objects\main.obj)

line level    source

   1          #include "REG51.h"
   2          #include <intrins.h>
   3          
   4          void delay(unsigned int xms){
   5   1        unsigned char i,j;
   6   1        for(i = xms;i > 0 ;i--){
   7   2          for(j = 1;j > 0;j--);
   8   2        }
   9   1      }
  10          
  11          void main(void)
  12          {
  13   1        P2 = 0xFE;
  14   1        
  15   1        while(1){
  16   2          delay(300);
  17   2          P2 = _crol_(P2,1);
  18   2        } 
  19   1      }


MODULE INFORMATION:   STATIC OVERLAYABLE
   CODE SIZE        =     39    ----
   CONSTANT SIZE    =   ----    ----
   XDATA SIZE       =   ----    ----
   PDATA SIZE       =   ----    ----
   DATA SIZE        =   ----    ----
   IDATA SIZE       =   ----    ----
   BIT SIZE         =   ----    ----
END OF MODULE INFORMATION.


C51 COMPILATION COMPLETE.  0 WARNING(S),  0 ERROR(S)
